// Jest Snapshot v1, https://goo.gl/fbAQLP

exports[`./_elements/CloseIcon renders 1`] = `
<svg
  fill="none"
  stroke="currentColor"
  strokeWidth={1.5}
  viewBox="0 0 24 24"
  xmlns="http://www.w3.org/2000/svg"
>
  <path
    d="M6 18 18 6M6 6l12 12"
    strokeLinecap="round"
    strokeLinejoin="round"
  />
</svg>
`;
