// Jest Snapshot v1, https://goo.gl/fbAQLP

exports[`./app/_components/buttonchoose.root renders 1`] = `
<footer>
  <button
    onClick={[Function]}
  >
    I Choose You!
  </button>
</footer>
`;
