// Jest Snapshot v1, https://goo.gl/fbAQLP

exports[`./app/_components/header.root renders 1`] = `
<header>
  <h1>
    Choose Your Pokemon
  </h1>
  <input
    onChange={[Function]}
    placeholder="Search pokemon"
    type="search"
    value="pika"
  />
</header>
`;
