// Jest Snapshot v1, https://goo.gl/fbAQLP

exports[`./app/layout renders 1`] = `
<html
  lang="en"
>
  <body
    className="className"
  >
    <div />
  </body>
  <Script
    src="/sw-install.js"
  />
</html>
`;
