// Jest Snapshot v1, https://goo.gl/fbAQLP

exports[`./app/[name]/.components/evolutions.pokemon renders 1`] = `
<div
  className="test-class"
>
  <img
    alt="evolution"
    className="silhouette"
    src="url"
  />
</div>
`;
